FutureApply Benchmark Examples (LAN).
em-pop.iism.kit.edu em-pop.iism.kit.edu 
1 : Popsize: 100 
XOR Sequential (S)
...........
XOR FutureCluster (FCluster)
...........
        (S) : 3 : AND(NOT(D1),D2) 3.012346 
(FCcluster) : 3 : AND(NOT(D1),D2) 3.012346 
====================================================================== 
XOR workers: 2 popsize: 100 generations: 10 crossrate: 0.3 mutrate: 0.1 
====================================================================== 
           tMain (s) tMain/(S) tNext (s) tNext/(S) tEval (s) tEval/(S)
(S)         1.615330  1.000000 0.2988243 1.0000000  1.277854  1.000000
(FCluster)  6.940158  4.296432 0.1565311 0.5238232  6.746690  5.279704
====================================================================== 

2 : Popsize: 1000 
XOR Sequential (S)
...........
XOR FutureCluster (FCluster)
...........
        (S) : 4 : AND(OR(D2,OR(D1,D1)),NOT(AND(AND(D1,D2),D1))) 4.001189 
(FCcluster) : 4 : NOT(NOT(AND(OR(D2,D1),NOT(AND(NOT(NOT(D2)),D1))))) 4.001041 
====================================================================== 
XOR workers: 2 popsize: 1000 generations: 10 crossrate: 0.3 mutrate: 0.1 
====================================================================== 
           tMain (s) tMain/(S) tNext (s) tNext/(S) tEval (s) tEval/(S)
(S)         17.14286  1.000000  3.005988 1.0000000  13.83774  1.000000
(FCluster)  33.84743  1.974434  2.608512 0.8677719  30.90177  2.233152
====================================================================== 

3 : Popsize: 10000 
XOR Sequential (S)
...........
XOR FutureCluster (FCluster)
...........
        (S) : 4 : AND(NOT(AND(D2,D1)),OR(D1,D2)) 4.00277 
(FCcluster) : 4 : AND(NOT(AND(D2,D1)),OR(D1,D2)) 4.00277 
====================================================================== 
XOR workers: 2 popsize: 10000 generations: 10 crossrate: 0.3 mutrate: 0.1 
====================================================================== 
           tMain (s) tMain/(S) tNext (s) tNext/(S) tEval (s) tEval/(S)
(S)         186.0753  1.000000  31.12237 1.0000000  151.5365  1.000000
(FCluster)  288.3483  1.549633  29.69871 0.9542561  255.2943  1.684705
====================================================================== 

1 : Popsize: 100 
XOR Sequential (S)
...........
XOR FutureCluster (FCluster)
...........
        (S) : 3 : AND(NOT(D1),D2) 3.012346 
(FCcluster) : 3 : AND(NOT(D1),D2) 3.012346 
====================================================================== 
XOR workers: 3 popsize: 100 generations: 10 crossrate: 0.3 mutrate: 0.1 
====================================================================== 
           tMain (s) tMain/(S) tNext (s) tNext/(S) tEval (s) tEval/(S)
(S)         1.501889  1.000000 0.2889454 1.0000000  1.178432  1.000000
(FCluster)  8.648389  5.758339 0.1622429 0.5615001  8.451159  7.171532
====================================================================== 

2 : Popsize: 1000 
XOR Sequential (S)
...........
XOR FutureCluster (FCluster)
...........
        (S) : 4 : AND(OR(D2,OR(D1,D1)),NOT(AND(AND(D1,D2),D1))) 4.001189 
(FCcluster) : 4 : NOT(NOT(AND(OR(D2,D1),NOT(AND(NOT(NOT(D2)),D1))))) 4.001041 
====================================================================== 
XOR workers: 3 popsize: 1000 generations: 10 crossrate: 0.3 mutrate: 0.1 
====================================================================== 
           tMain (s) tMain/(S) tNext (s) tNext/(S) tEval (s) tEval/(S)
(S)         16.05061  1.000000  2.825767 1.0000000  12.94034   1.00000
(FCluster)  30.23933  1.883999  2.591203 0.9169911  27.35872   2.11422
====================================================================== 

3 : Popsize: 10000 
XOR Sequential (S)
...........
XOR FutureCluster (FCluster)
...........
        (S) : 4 : AND(NOT(AND(D2,D1)),OR(D1,D2)) 4.00277 
(FCcluster) : 4 : AND(NOT(AND(D2,D1)),OR(D1,D2)) 4.00277 
====================================================================== 
XOR workers: 3 popsize: 10000 generations: 10 crossrate: 0.3 mutrate: 0.1 
====================================================================== 
           tMain (s) tMain/(S) tNext (s) tNext/(S) tEval (s) tEval/(S)
(S)         193.1108  1.000000  31.97508 1.0000000  157.9505  1.000000
(FCluster)  255.1609  1.321319  30.62259 0.9577019  221.3996  1.401702
====================================================================== 

